// Jest Snapshot v1, https://goo.gl/fbAQLP

exports[`renders correctly 1`] = `
<div
  className="register-form-container"
>
  <form
    onSubmit={[Function]}
  >
    <div
      className="register-form"
    >
      <div
        className="register-form-cell"
      >
        <label
          className="form-label"
          htmlFor="formField"
        >
          Name:
        </label>
        <input
          className="register-input"
          id="name"
          onChange={[Function]}
          required={true}
          type="text"
        />
      </div>
      <div
        className="register-form-cell"
      >
        <label
          className="form-label"
          htmlFor="formField"
        >
          E-mail:
        </label>
        <input
          className="register-input"
          id="email"
          onChange={[Function]}
          required={true}
          type="email"
        />
      </div>
      <div
        className="dropdown-container"
      >
        <div>
          <label
            className="form-label"
            htmlFor="formField"
          >
            Where do you want to go?
          </label>
        </div>
        <div>
          <select
            aria-label="Default select example"
            className="dropdown"
            id="country"
            onChange={[Function]}
          >
            <option
              defaultValue={true}
            >
              Choose
            </option>
            <option
              value="India"
            >
              India
            </option>
            <option
              value="Africa"
            >
              Africa
            </option>
            <option
              value="Europe"
            >
              Europe
            </option>
          </select>
        </div>
      </div>
      <div
        className="register-form-cell"
      >
        <label
          className="form-label"
          htmlFor="formField"
        >
          No. of Travellers:
        </label>
        <input
          className="register-input"
          id="travellers"
          onChange={[Function]}
          required={true}
          type="number"
        />
      </div>
      <div
        className="register-form-cell"
      >
        <label
          className="form-label"
          htmlFor="formField"
        >
          Budget in dollors ($):
        </label>
        <input
          className="register-input"
          id="budget"
          onChange={[Function]}
          required={true}
          type="number"
        />
      </div>
      <button
        className="submit-button"
      >
        SUBMIT
      </button>
    </div>
  </form>
</div>
`;
